=== RUN   TestGetUser
--- PASS: TestGetUser (0.21s)
=== RUN   TestGetUser_invalidId
--- PASS: TestGetUser_invalidId (0.02s)
=== RUN   TestGetMessage
--- PASS: TestGetMessage (0.03s)
=== RUN   TestGetMessage_invalidId
--- PASS: TestGetMessage_invalidId (0.02s)
=== RUN   TestGetLabel
--- PASS: TestGetLabel (0.02s)
=== RUN   TestGetLabel_invalidId
--- PASS: TestGetLabel_invalidId (0.03s)
=== RUN   TestGetLabelByMessage
--- PASS: TestGetLabelByMessage (0.02s)
=== RUN   TestGetLabelByMessage_invalidId
--- PASS: TestGetLabelByMessage_invalidId (0.02s)
PASS
ok  	github.com/KavithaVishwanathan/MessageBox	0.389s
